// Jest Snapshot v1, https://goo.gl/fbAQLP

exports[`<Loading /> should render the loading component 1`] = `
<div
  class="loading__Spinner-sc-11yhc25-0 fcPfoZ"
  data-testid="loading"
>
  <img
    class="loading__Picture-sc-11yhc25-1 siMrc"
    data-testid="loading-picture"
    src="/images/users//iamges/karl.png.png"
  />
</div>
`;

exports[`<Loading /> should render the loading releasebody 1`] = `null`;
