// Jest Snapshot v1, https://goo.gl/fbAQLP

exports[`<OptForm /> should render the <OptForm /> with populated data 1`] = `
<div
  class="opt-form__Container-sc-8oudnm-0 fZsAhm"
>
  <input
    class="opt-form__Input-sc-8oudnm-1 flzjTn"
    placeholder="Email adress"
  />
  <button
    class="opt-form__Button-sc-8oudnm-2 kIhYnw"
  >
    Try it now
     
    <img
      alt="try now"
      src="/images/icons/chevron-right.png"
    />
  </button>
  <p
    class="opt-form__Text-sc-8oudnm-3 cgZRtx"
  >
    Ready to watch? Enter your email to create or restart your membership
  </p>
</div>
`;
